<html>
<body>
<pre>
<h1>µVision Build Log</h1>
<h2>Project:</h2>
D:\Humiture\stm32f103vet6_usart1_dht11\Project\Template.uvprojx
Project File Date:  06/28/2023

<h2>Output:</h2>
Rebuild target 'Target 1'
assembling startup_stm32f10x_hd.s...
compiling core_cm3.c...
compiling system_stm32f10x.c...
compiling misc.c...
compiling stm32f10x_adc.c...
compiling stm32f10x_bkp.c...
compiling stm32f10x_can.c...
compiling stm32f10x_cec.c...
compiling stm32f10x_crc.c...
compiling stm32f10x_dac.c...
compiling stm32f10x_dbgmcu.c...
compiling stm32f10x_dma.c...
compiling stm32f10x_exti.c...
compiling stm32f10x_flash.c...
compiling stm32f10x_fsmc.c...
compiling stm32f10x_gpio.c...
compiling stm32f10x_i2c.c...
compiling stm32f10x_iwdg.c...
compiling stm32f10x_pwr.c...
compiling stm32f10x_rcc.c...
compiling stm32f10x_rtc.c...
compiling stm32f10x_sdio.c...
compiling stm32f10x_spi.c...
compiling stm32f10x_tim.c...
compiling stm32f10x_usart.c...
compiling stm32f10x_wwdg.c...
compiling stm32f10x_it.c...
compiling main.c...
compiling delay.c...
compiling led.c...
compiling sys.c...
compiling usart.c...
compiling bsp_dht11.c...
compiling bsp_ili9341_lcd.c...
compiling fonts.c...
compiling key.c...
compiling beep.c...
linking...
Program Size: Code=8128 RO-data=15536 RW-data=112 ZI-data=1368  
FromELF: creating hex file...
"..\Output\Template.axf" - 0 Error(s), 0 Warning(s).
</pre>
</body>
</html>
